TagTool [1.5.9666.17506 (Built 6/19/2026 9:44:10 AM UTC)]

Please report any bugs and/or feature requests:
https://github.com/MtnDewIt/TagTool-NET-Test/issues

Enter the path to a Halo cache file (.map/.dat):
> 

Enter the path to a Halo cache file (.map/.dat):
> D:\Games\steamapps\workshop\content\976730\3748659423\maps
[ERROR]: Invalid path to a tag cache!

Enter the path to a Halo cache file (.map/.dat):
> 

Enter the path to a Halo cache file (.map/.dat):
> 

Enter the path to a Halo cache file (.map/.dat):
> 

Enter the path to a Halo cache file (.map/.dat):
> 

Enter the path to a Halo cache file (.map/.dat):
> 

Enter the path to a Halo cache file (.map/.dat):
> 

Enter the path to a Halo cache file (.map/.dat):
> D:\eldewrito\eldewrito 0.7\ElDewrito\maps

Enter "help" to list available commands. Enter "quit" to quit.

tags> 

tags> # echo ==Set Variables...==

tags> SetVariable workingdir "C:\Users\Matthew\Documents\GitHub\EDBR"
Variable "workingdir" set to "C:\Users\Matthew\Documents\GitHub\EDBR".

tags> SetVariable modsfolder "D:\eldewrito\eldewrito 0.7\ElDewrito\mods"
Variable "modsfolder" set to "D:\eldewrito\eldewrito 0.7\ElDewrito\mods".

tags> SetVariable odstmaps "E:\Halo Resources\Halo3odst"
Variable "odstmaps" set to "E:\Halo Resources\Halo3odst".

tags> SetVariable reachmaps "E:\Halo Resources\HaloReach"
Variable "reachmaps" set to "E:\Halo Resources\HaloReach".

tags> SetVariable h3maps "E:\Halo Resources\Halo3"
Variable "h3maps" set to "E:\Halo Resources\Halo3".

tags> SetVariable Workshopdir "D:\Games\steamapps\workshop\content\976730"
Variable "Workshopdir" set to "D:\Games\steamapps\workshop\content\976730".

tags> 

tags> 

tags> opencachefile "Workshopdir\3748659423\maps\blam_mountain_halluci.map"
Loading cache...done.

tags\blam_mountain_halluci.map\tags> 

tags\blam_mountain_halluci.map\tags> porttag halluci\objects\utility\grapplinghook\grapplinghook.weapon
[INFO]: Using Dxt5 instead of A8R8G8B8 for bitmap 'dw3\r3ach\objects\weapons\support_high\rocket_launcher\bitmaps\rocket_launcher_diffuse'
['rmsh', 0x6FF8] halluci\objects\utility\grapplinghook\shaders\metal.shader
['bitm', 0x6FFE] dw3\r3ach\objects\bitmaps\other\d_cubemap_vertical_noise.bitmap
['bitm', 0x6FFC] halluci\objects\utility\grapplinghook\bitmaps\grappler.bitmap
['bitm', 0x7001] halluci\objects\utility\grapplinghook\bitmaps\gapplercable.bitmap
['mode', 0x6FF7] halluci\objects\utility\grapplinghook\3p\3p.render_model
['bitm', 0x7002] halluci\objects\utility\grapplinghook\bitmaps\grapplercablenorm.bitmap
['phmo', 0x7003] halluci\objects\utility\grapplinghook\grapplinghook.physics_model
['hlmt', 0x6FF6] halluci\objects\utility\grapplinghook\grapplinghook.model
['rmt2', 0x6FFF] shaders\shader_templates\_0_2_0_1_10_1_0_0_0_1_0_0.render_method_template
['rmsh', 0x6FFB] halluci\objects\utility\grapplinghook\shaders\grapplinghook.shader
['rmsh', 0x7000] halluci\objects\utility\grapplinghook\shaders\grapplingcable.shader
['mode', 0x7006] halluci\objects\utility\grapplinghook\grapplinghook.render_model
[ERROR]: FileNotFoundException while porting 'halluci\objects\utility\grapplinghook\grapplinghook.weapon':
['bitm', 0x6FFD] halluci\objects\utility\grapplinghook\bitmaps\grapplernorm.bitmap
['bitm', 0x6FFA] dw3\r3ach\objects\weapons\support_high\rocket_launcher\bitmaps\rocket_launcher_zbump.bitmap
['bitm', 0x6FF9] dw3\r3ach\objects\weapons\support_high\rocket_launcher\bitmaps\rocket_launcher_diffuse.bitmap
[ERROR]: System.IO.FileNotFoundException: Could not find file 'D:\Games\steamapps\workshop\content\976730\3748659423\halo3\fmod\pc\english.fsb.info'.
File name: 'D:\Games\steamapps\workshop\content\976730\3748659423\halo3\fmod\pc\english.fsb.info'
   at Microsoft.Win32.SafeHandles.SafeFileHandle.CreateFile(String fullPath, FileMode mode, FileAccess access, FileShare share, FileOptions options)
   at Microsoft.Win32.SafeHandles.SafeFileHandle.Open(String fullPath, FileMode mode, FileAccess access, FileShare share, FileOptions options, Int64 preallocationSize, Nullable`1 unixCreateMode)
   at System.IO.Strategies.OSFileStreamStrategy..ctor(String path, FileMode mode, FileAccess access, FileShare share, FileOptions options, Int64 preallocationSize, Nullable`1 unixCreateMode)
   at System.IO.Strategies.FileStreamHelpers.ChooseStrategyCore(String path, FileMode mode, FileAccess access, FileShare share, FileOptions options, Int64 preallocationSize, Nullable`1 unixCreateMode)
   at System.IO.File.OpenRead(String path)
   at TagTool.Audio.Bank.SoundBankIndex..ctor(String filePath) in D:\a\TagTool-NET-Test\TagTool-NET-Test\TagTool\Audio\Bank\SoundBankIndex.cs:line 22
   at TagTool.Audio.Bank.SoundBank..ctor(String filePath) in D:\a\TagTool-NET-Test\TagTool-NET-Test\TagTool\Audio\Bank\SoundBank.cs:line 13
   at TagTool.Audio.Bank.SoundBankCache.LoadBank(String filePath) in D:\a\TagTool-NET-Test\TagTool-NET-Test\TagTool\Audio\Bank\SoundBankCache.cs:line 33
   at TagTool.Audio.Bank.SoundBankCache.LoadBanks() in D:\a\TagTool-NET-Test\TagTool-NET-Test\TagTool\Audio\Bank\SoundBankCache.cs:line 26
   at TagTool.Audio.Bank.SoundBankCache..ctor(List`1 directories) in D:\a\TagTool-NET-Test\TagTool-NET-Test\TagTool\Audio\Bank\SoundBankCache.cs:line 16
   at TagTool.Cache.GameCacheGen3.LoadSoundBanks() in D:\a\TagTool-NET-Test\TagTool-NET-Test\TagTool\Cache\Gen3\GameCacheGen3.cs:line 258
   at TagTool.Porting.Gen3.PortingContextGen3.CheckSoundBank(Sound sound) in D:\a\TagTool-NET-Test\TagTool-NET-Test\TagTool\Porting\Gen3\PortingContextGen3.Sound.cs:line 496
   at TagTool.Porting.Gen3.PortingContextGen3.TagIsValid(CachedTag blamTag, Stream cacheStream, Stream blamCacheStream, Object blamDefinition, CachedTag& resultTag) in D:\a\TagTool-NET-Test\TagTool-NET-Test\TagTool\Porting\Gen3\PortingContextGen3.cs:line 497
   at TagTool.Porting.PortingContext.ConvertTag(Stream cacheStream, Stream blamCacheStream, CachedTag blamTag, String blamParentTagName, Object blamDefinition, ConvertTagOptions& options) in D:\a\TagTool-NET-Test\TagTool-NET-Test\TagTool\Porting\PortingContext.cs:line 130
   at TagTool.Porting.PortingContext.ConvertData(Stream cacheStream, Stream blamCacheStream, Object data, Object definition, String blamTagName) in D:\a\TagTool-NET-Test\TagTool-NET-Test\TagTool\Porting\PortingContext.cs:line 453
   at TagTool.Porting.Gen3.PortingContextGen3.ConvertData(Stream cacheStream, Stream blamCacheStream, Object data, Object definition, String blamTagName) in D:\a\TagTool-NET-Test\TagTool-NET-Test\TagTool\Porting\Gen3\PortingContextGen3.cs:line 389
   at TagTool.Porting.PortingContext.ConvertFieldvalue(Stream cacheStream, Stream blamCacheStream, TagFieldInfo tagFieldInfo, Object value, Object definition, String blamTagName) in D:\a\TagTool-NET-Test\TagTool-NET-Test\TagTool\Porting\PortingContext.cs:line 485
   at TagTool.Porting.Gen3.PortingContextGen3.ConvertFieldvalue(Stream cacheStream, Stream blamCacheStream, TagFieldInfo tagFieldInfo, Object value, Object definition, String blamTagName) in D:\a\TagTool-NET-Test\TagTool-NET-Test\TagTool\Porting\Gen3\PortingContextGen3.cs:line 400
   at TagTool.Porting.PortingContext.ConvertStructure[T](Stream cacheStream, Stream blamCacheStream, T data, Object definition, String blamTagName) in D:\a\TagTool-NET-Test\TagTool-NET-Test\TagTool\Porting\PortingContext.cs:line 376
   at TagTool.Porting.PortingContext.ConvertData(Stream cacheStream, Stream blamCacheStream, Object data, Object definition, String blamTagName) in D:\a\TagTool-NET-Test\TagTool-NET-Test\TagTool\Porting\PortingContext.cs:line 462
   at TagTool.Porting.Gen3.PortingContextGen3.ConvertData(Stream cacheStream, Stream blamCacheStream, Object data, Object definition, String blamTagName) in D:\a\TagTool-NET-Test\TagTool-NET-Test\TagTool\Porting\Gen3\PortingContextGen3.cs:line 389
   at TagTool.Porting.PortingContext.ConvertCollection(Stream cacheStream, Stream blamCacheStream, IList data, Object definition, String blamTagName) in D:\a\TagTool-NET-Test\TagTool-NET-Test\TagTool\Porting\PortingContext.cs:line 505
   at TagTool.Porting.PortingContext.ConvertData(Stream cacheStream, Stream blamCacheStream, Object data, Object definition, String blamTagName) in D:\a\TagTool-NET-Test\TagTool-NET-Test\TagTool\Porting\PortingContext.cs:line 458
   at TagTool.Porting.Gen3.PortingContextGen3.ConvertData(Stream cacheStream, Stream blamCacheStream, Object data, Object definition, String blamTagName) in D:\a\TagTool-NET-Test\TagTool-NET-Test\TagTool\Porting\Gen3\PortingContextGen3.cs:line 389
   at TagTool.Porting.PortingContext.ConvertFieldvalue(Stream cacheStream, Stream blamCacheStream, TagFieldInfo tagFieldInfo, Object value, Object definition, String blamTagName) in D:\a\TagTool-NET-Test\TagTool-NET-Test\TagTool\Porting\PortingContext.cs:line 485
   at TagTool.Porting.Gen3.PortingContextGen3.ConvertFieldvalue(Stream cacheStream, Stream blamCacheStream, TagFieldInfo tagFieldInfo, Object value, Object definition, String blamTagName) in D:\a\TagTool-NET-Test\TagTool-NET-Test\TagTool\Porting\Gen3\PortingContextGen3.cs:line 400
   at TagTool.Porting.PortingContext.ConvertStructure[T](Stream cacheStream, Stream blamCacheStream, T data, Object definition, String blamTagName) in D:\a\TagTool-NET-Test\TagTool-NET-Test\TagTool\Porting\PortingContext.cs:line 376
   at TagTool.Porting.PortingContext.ConvertData(Stream cacheStream, Stream blamCacheStream, Object data, Object definition, String blamTagName) in D:\a\TagTool-NET-Test\TagTool-NET-Test\TagTool\Porting\PortingContext.cs:line 462
   at TagTool.Porting.Gen3.PortingContextGen3.ConvertData(Stream cacheStream, Stream blamCacheStream, Object data, Object definition, String blamTagName) in D:\a\TagTool-NET-Test\TagTool-NET-Test\TagTool\Porting\Gen3\PortingContextGen3.cs:line 389
   at TagTool.Porting.Gen3.PortingContextGen3.ConvertDefinition(Stream cacheStream, Stream blamCacheStream, CachedTag edTag, CachedTag blamTag, Object blamDefinition) in D:\a\TagTool-NET-Test\TagTool-NET-Test\TagTool\Porting\Gen3\PortingContextGen3.cs:line 49
   at TagTool.Porting.PortingContext.ConvertTagInternal(Stream cacheStream, Stream blamCacheStream, CachedTag blamTag, Object blamDefinition, String blamParentTagName, CacheKey cacheKey, ConvertTagOptions& options) in D:\a\TagTool-NET-Test\TagTool-NET-Test\TagTool\Porting\PortingContext.cs:line 207
   at TagTool.Porting.PortingContext.ConvertTag(Stream cacheStream, Stream blamCacheStream, CachedTag blamTag, String blamParentTagName, Object blamDefinition, ConvertTagOptions& options) in D:\a\TagTool-NET-Test\TagTool-NET-Test\TagTool\Porting\PortingContext.cs:line 132
   at TagTool.Porting.PortingContext.ConvertData(Stream cacheStream, Stream blamCacheStream, Object data, Object definition, String blamTagName) in D:\a\TagTool-NET-Test\TagTool-NET-Test\TagTool\Porting\PortingContext.cs:line 453
   at TagTool.Porting.Gen3.PortingContextGen3.ConvertData(Stream cacheStream, Stream blamCacheStream, Object data, Object definition, String blamTagName) in D:\a\TagTool-NET-Test\TagTool-NET-Test\TagTool\Porting\Gen3\PortingContextGen3.cs:line 389
   at TagTool.Porting.PortingContext.ConvertFieldvalue(Stream cacheStream, Stream blamCacheStream, TagFieldInfo tagFieldInfo, Object value, Object definition, String blamTagName) in D:\a\TagTool-NET-Test\TagTool-NET-Test\TagTool\Porting\PortingContext.cs:line 485
   at TagTool.Porting.Gen3.PortingContextGen3.ConvertFieldvalue(Stream cacheStream, Stream blamCacheStream, TagFieldInfo tagFieldInfo, Object value, Object definition, String blamTagName) in D:\a\TagTool-NET-Test\TagTool-NET-Test\TagTool\Porting\Gen3\PortingContextGen3.cs:line 400
   at TagTool.Porting.PortingContext.ConvertStructure[T](Stream cacheStream, Stream blamCacheStream, T data, Object definition, String blamTagName) in D:\a\TagTool-NET-Test\TagTool-NET-Test\TagTool\Porting\PortingContext.cs:line 376
   at TagTool.Porting.PortingContext.ConvertData(Stream cacheStream, Stream blamCacheStream, Object data, Object definition, String blamTagName) in D:\a\TagTool-NET-Test\TagTool-NET-Test\TagTool\Porting\PortingContext.cs:line 462
   at TagTool.Porting.Gen3.PortingContextGen3.ConvertData(Stream cacheStream, Stream blamCacheStream, Object data, Object definition, String blamTagName) in D:\a\TagTool-NET-Test\TagTool-NET-Test\TagTool\Porting\Gen3\PortingContextGen3.cs:line 389
   at TagTool.Porting.PortingContext.ConvertCollection(Stream cacheStream, Stream blamCacheStream, IList data, Object definition, String blamTagName) in D:\a\TagTool-NET-Test\TagTool-NET-Test\TagTool\Porting\PortingContext.cs:line 505
   at TagTool.Porting.PortingContext.ConvertData(Stream cacheStream, Stream blamCacheStream, Object data, Object definition, String blamTagName) in D:\a\TagTool-NET-Test\TagTool-NET-Test\TagTool\Porting\PortingContext.cs:line 458
   at TagTool.Porting.Gen3.PortingContextGen3.ConvertData(Stream cacheStream, Stream blamCacheStream, Object data, Object definition, String blamTagName) in D:\a\TagTool-NET-Test\TagTool-NET-Test\TagTool\Porting\Gen3\PortingContextGen3.cs:line 389
   at TagTool.Porting.PortingContext.ConvertFieldvalue(Stream cacheStream, Stream blamCacheStream, TagFieldInfo tagFieldInfo, Object value, Object definition, String blamTagName) in D:\a\TagTool-NET-Test\TagTool-NET-Test\TagTool\Porting\PortingContext.cs:line 485
   at TagTool.Porting.Gen3.PortingContextGen3.ConvertFieldvalue(Stream cacheStream, Stream blamCacheStream, TagFieldInfo tagFieldInfo, Object value, Object definition, String blamTagName) in D:\a\TagTool-NET-Test\TagTool-NET-Test\TagTool\Porting\Gen3\PortingContextGen3.cs:line 400
   at TagTool.Porting.PortingContext.ConvertStructure[T](Stream cacheStream, Stream blamCacheStream, T data, Object definition, String blamTagName) in D:\a\TagTool-NET-Test\TagTool-NET-Test\TagTool\Porting\PortingContext.cs:line 376
   at TagTool.Porting.PortingContext.ConvertData(Stream cacheStream, Stream blamCacheStream, Object data, Object definition, String blamTagName) in D:\a\TagTool-NET-Test\TagTool-NET-Test\TagTool\Porting\PortingContext.cs:line 462
   at TagTool.Porting.Gen3.PortingContextGen3.ConvertData(Stream cacheStream, Stream blamCacheStream, Object data, Object definition, String blamTagName) in D:\a\TagTool-NET-Test\TagTool-NET-Test\TagTool\Porting\Gen3\PortingContextGen3.cs:line 389
   at TagTool.Porting.Gen3.PortingContextGen3.ConvertDefinition(Stream cacheStream, Stream blamCacheStream, CachedTag edTag, CachedTag blamTag, Object blamDefinition) in D:\a\TagTool-NET-Test\TagTool-NET-Test\TagTool\Porting\Gen3\PortingContextGen3.cs:line 49
   at TagTool.Porting.PortingContext.ConvertTagInternal(Stream cacheStream, Stream blamCacheStream, CachedTag blamTag, Object blamDefinition, String blamParentTagName, CacheKey cacheKey, ConvertTagOptions& options) in D:\a\TagTool-NET-Test\TagTool-NET-Test\TagTool\Porting\PortingContext.cs:line 207
   at TagTool.Porting.PortingContext.ConvertTag(Stream cacheStream, Stream blamCacheStream, CachedTag blamTag, String blamParentTagName, Object blamDefinition, ConvertTagOptions& options) in D:\a\TagTool-NET-Test\TagTool-NET-Test\TagTool\Porting\PortingContext.cs:line 132
   at TagTool.Commands.Porting.PortTagCommand.Execute(List`1 args) in D:\a\TagTool-NET-Test\TagTool-NET-Test\TagTool\Commands\Porting\PortTagCommand.cs:line 54
   at TagTool.Commands.Common.CommandRunner.ExecuteCommand(CommandContext context, List`1 commandAndArgs, Dictionary`2 argVariables) in D:\a\TagTool-NET-Test\TagTool-NET-Test\TagTool\Commands\Common\CommandRunner.cs:line 158
   at TagTool.Commands.Common.CommandRunner.RunCommand(String commandLine, Boolean printInput, Boolean printOutput) in D:\a\TagTool-NET-Test\TagTool-NET-Test\TagTool\Commands\Common\CommandRunner.cs:line 128
   at TagTool.Commands.Program.RunCommandLoop(CommandRunner commandRunner, CommandContextStack contextStack) in D:\a\TagTool-NET-Test\TagTool-NET-Test\TagTool\Program.cs:line 128
   at TagTool.Commands.Program.MainCore(String[] args) in D:\a\TagTool-NET-Test\TagTool-NET-Test\TagTool\Program.cs:line 112
   at TagTool.Commands.Program.Main(String[] args) in D:\a\TagTool-NET-Test\TagTool-NET-Test\TagTool\Program.cs:line 44
